[Licensing::Module] Trying to connect to existing licensing client channel...
Built from '6000.4/staging' branch; Version is '6000.4.0f1 (8cf496087c8f) revision 9237654'; Using compiler version '194234433'; Build Type 'Release'
[Licensing::IpcConnector] Successfully connected to: "LicenseClient-nicho" at "2026-05-14T14:54:53.0927548Z"
OS: 'Windows 11  (10.0.26200) Professional' Language: 'en' Physical Memory: 32694 MB
BatchMode: 1, IsHumanControllingUs: 0, StartBugReporterOnCrash: 0, Is64bit: 1
System  architecture: x64
Process architecture: x64
Date: 2026-05-14T14:54:53Z

COMMAND LINE ARGUMENTS:
C:\Program Files\Unity\Hub\Editor\6000.4.0f1\Editor\Unity.exe
-adb2
-batchMode
-noUpm
-name
AssetImportWorker15
-projectPath
C:/Users/nicho/Formative_1
-logFile
Logs/AssetImportWorker15.log
-srvPort
60549
-licensingIpc
LicenseClient-nicho
-force-d3d12
-job-worker-count
7
-background-job-worker-count
8
-gc-helper-count
1
-name
AssetImport
Successfully changed project path to: C:/Users/nicho/Formative_1
C:/Users/nicho/Formative_1
[UnityMemory] Configuration Parameters - Can be set up in boot.config
    "memorysetup-temp-allocator-size-gi-baking-worker=262144"
    "memorysetup-temp-allocator-size-gi-baking-worker=262144"
    "memorysetup-temp-allocator-size-gi-baking-worker=262144"
    "memorysetup-temp-allocator-size-gi-baking-worker=262144"
    "memorysetup-temp-allocator-size-gi-baking-worker=262144"
    "memorysetup-temp-allocator-size-nav-mesh-worker=65536"
    "memorysetup-temp-allocator-size-audio-worker=65536"
    "memorysetup-temp-allocator-size-cloud-worker=32768"
    "memorysetup-temp-allocator-size-gfx=262144"
    "memorysetup-temp-allocator-size-preload-manager=33554432"
    "memorysetup-temp-allocator-size-job-worker=262144"
    "memorysetup-temp-allocator-size-background-worker=32768"
    "memorysetup-allocator-temp-initial-block-size-main=262144"
    "memorysetup-allocator-temp-initial-block-size-worker=262144"
    "memorysetup-bucket-allocator-granularity=16"
    "memorysetup-bucket-allocator-bucket-count=8"
    "memorysetup-bucket-allocator-block-size=33554432"
    "memorysetup-bucket-allocator-block-count=8"
    "memorysetup-main-allocator-block-size=16777216"
    "memorysetup-thread-allocator-block-size=16777216"
    "memorysetup-gfx-main-allocator-block-size=16777216"
    "memorysetup-gfx-thread-allocator-block-size=16777216"
    "memorysetup-cache-allocator-block-size=4194304"
    "memorysetup-typetree-allocator-block-size=2097152"
    "memorysetup-profiler-bucket-allocator-granularity=16"
    "memorysetup-profiler-bucket-allocator-bucket-count=8"
    "memorysetup-profiler-bucket-allocator-block-size=33554432"
    "memorysetup-profiler-bucket-allocator-block-count=8"
    "memorysetup-profiler-allocator-block-size=16777216"
    "memorysetup-profiler-editor-allocator-block-size=1048576"
    "memorysetup-temp-allocator-size-main=16777216"
    "memorysetup-job-temp-allocator-block-size=2097152"
    "memorysetup-job-temp-allocator-block-size-background=1048576"
    "memorysetup-job-temp-allocator-reduction-small-platforms=262144"
Player connection [28016]  Target information:

Player connection [28016]  * "[IP] 192.168.0.13 [Port] 0 [Flags] 2 [Guid] 267192755 [EditorId] 267192755 [Version] 1048832 [Id] WindowsEditor(7,Nicholas) [Debug] 1 [PackageName] WindowsEditor [ProjectName] Editor" 

Player connection [28016]  * "[IP] 172.23.0.1 [Port] 0 [Flags] 2 [Guid] 267192755 [EditorId] 267192755 [Version] 1048832 [Id] WindowsEditor(7,Nicholas) [Debug] 1 [PackageName] WindowsEditor [ProjectName] Editor" 

Player connection [28016]  * "[IP] 26.42.229.79 [Port] 0 [Flags] 2 [Guid] 267192755 [EditorId] 267192755 [Version] 1048832 [Id] WindowsEditor(7,Nicholas) [Debug] 1 [PackageName] WindowsEditor [ProjectName] Editor" 

Player connection [28016] Host joined multi-casting on [225.0.0.222:54997]...
Player connection [28016] Host joined alternative multi-casting on [225.0.0.222:34997]...
JobSystem: Creating JobQueue using job-worker-count value 7
Input System module state changed to: Initialized.
[Physics::Module] Initialized fallback backend.
[Physics::Module] Id: 0xdecafbad
Library Redirect Path: Library/
[Physics::Module] Selected backend.
[Physics::Module] Name: PhysX
[Physics::Module] Id: 0xf2b8ea05
[Physics::Module] SDK Version: 4.1.2
[Physics::Module] Integration Version: 1.0.0
[Physics::Module] Threading Mode: Multi-Threaded
Refreshing native plugins compatible for Editor in 3.10 ms, found 3 plugins.
Initialize engine version: 6000.4.0f1 (8cf496087c8f)
[Subsystems] Discovering subsystems at path C:/Program Files/Unity/Hub/Editor/6000.4.0f1/Editor/Data/Resources/UnitySubsystems
[Subsystems] Discovering subsystems at path C:/Users/nicho/Formative_1/Assets
Forcing GfxDevice: Direct3D 12
GfxDevice: creating device client; kGfxThreadingModeNonThreaded
d3d12: failed to query info queue interface (0x80004002).
Direct3D:
    Version:         Direct3D 12 [level 12.2]
    Renderer:        NVIDIA GeForce RTX 4060 (ID=0x2882)
    Vendor:          NVIDIA
    VRAM:            7957 MB
    App VRAM Budget: 7189 MB
    Driver:          32.0.15.8097
Initialize mono
Mono path[0] = 'C:/Program Files/Unity/Hub/Editor/6000.4.0f1/Editor/Data/Managed'
Mono path[1] = 'C:/Program Files/Unity/Hub/Editor/6000.4.0f1/Editor/Data/MonoBleedingEdge/lib/mono/unityjit-win32'
Mono config path = 'C:/Program Files/Unity/Hub/Editor/6000.4.0f1/Editor/Data/MonoBleedingEdge/etc'
Using monoOptions --debugger-agent=transport=dt_socket,embedding=1,server=y,suspend=n,address=127.0.0.1:56488
CodeReloadManager initialized
Begin MonoManager ReloadAssembly
Registering precompiled unity dll's ...
Register platform support module: C:/Program Files/Unity/Hub/Editor/6000.4.0f1/Editor/Data/PlaybackEngines/WebGLSupport/UnityEditor.WebGL.Extensions.dll
Register platform support module: C:/Program Files/Unity/Hub/Editor/6000.4.0f1/Editor/Data/PlaybackEngines/WindowsStandaloneSupport/UnityEditor.WindowsStandalone.Extensions.dll
Registered in 0.003480 seconds.
Native extension for WindowsStandalone target not found
Native extension for WebGL target not found
Package Manager log level set to [2]
[Package Manager] Failed to launch server process. Reason: Unity was launched with the -noUpm command-line argument
[Package Manager] Unable to send message (not connected to server process).
[Package Manager] Cannot connect to Unity Package Manager local server
ScheduleIndexationOnStartup MainProcess:False IndexOnStartup:True
Mono: successfully reloaded assembly
- Finished resetting the current domain, in  0.379 seconds
Domain Reload Profiling: 851ms
	BeginReloadAssembly (145ms)
	RebuildCommonClasses (37ms)
	RebuildNativeTypeToScriptingClass (12ms)
	initialDomainReloadingComplete (76ms)
	LoadAllAssembliesAndSetupDomain (201ms)
		LoadAssemblies (140ms)
		AnalyzeDomain (192ms)
			TypeCache.Refresh (191ms)
				TypeCache.ScanAssembly (179ms)
	FinalizeReload (380ms)
		SetupLoadedEditorAssemblies (0ms)
			InitializePlatformSupportModulesInManaged (44ms)
			BeforeProcessingInitializeOnLoad (85ms)
			ProcessInitializeOnLoadAttributes (105ms)
			ProcessInitializeOnLoadMethodAttributes (78ms)
========================================================================
Worker process is ready to serve import requests
Import Worker Mode flag is 0x00
Begin MonoManager ReloadAssembly
[Licensing::Module] Licensing is not yet initialized.
[Licensing::Client] Handshaking with LicensingClient:
  Version:                 1.18.1+9fbee8e
  Session Id:              98f7caea0c7f44fe8783c7b910ce909e
  Correlation Id:          24d301c60bcd9a52cc819f6962c1584c
  External correlation Id: 6028212128591936571
  Machine Id:              8wJQksq0DBmRPNJ5MMxPPwJrSZ0=
[Licensing::Module] Successfully connected to LicensingClient on channel: "LicenseClient-nicho" (connect: 0.00s, validation: 0.00s, handshake: 2.20s)
[Licensing::IpcConnector] Successfully connected to: "LicenseClient-nicho-notifications" at "2026-05-14T14:54:55.2917223Z"
[Licensing::Module] Licensing Background thread has ended after 2.20s
[Licensing::Module] Licensing is initialized (took 0.05s).
[Licensing::Client] Successfully resolved entitlement details
[Licensing::Module] License group:
  Id: 11270607086005-UnityPersXXXX
  Product: Unity Personal
  Type: Assigned
  Expiration: Unlimited
Assembly Assembly-CSharp-Editor-firstpass.dll at Library/ScriptAssemblies/Assembly-CSharp-Editor-firstpass.dll not valid. Loading of assembly skipped.
Assembly Assembly-CSharp-firstpass.dll at Library/ScriptAssemblies/Assembly-CSharp-firstpass.dll not valid. Loading of assembly skipped.
Assembly DocCodeExamples.dll at Library/ScriptAssemblies/DocCodeExamples.dll not valid. Loading of assembly skipped.
Assembly TestNewCustomAssembly.dll at Library/ScriptAssemblies/TestNewCustomAssembly.dll not valid. Loading of assembly skipped.
Assembly Unity.Collections.BurstCompatibilityGen.dll at Library/ScriptAssemblies/Unity.Collections.BurstCompatibilityGen.dll not valid. Loading of assembly skipped.
Assembly Unity.Collections.DocCodeSamples.dll at Library/ScriptAssemblies/Unity.Collections.DocCodeSamples.dll not valid. Loading of assembly skipped.
Assembly Unity.Collections.PerformanceTests.dll at Library/ScriptAssemblies/Unity.Collections.PerformanceTests.dll not valid. Loading of assembly skipped.
Assembly Unity.Collections.Tests.dll at Library/ScriptAssemblies/Unity.Collections.Tests.dll not valid. Loading of assembly skipped.
Assembly Unity.Collections.Tests.Playmode.dll at Library/ScriptAssemblies/Unity.Collections.Tests.Playmode.dll not valid. Loading of assembly skipped.
Assembly Unity.InputSystem.IntegrationTests.dll at Library/ScriptAssemblies/Unity.InputSystem.IntegrationTests.dll not valid. Loading of assembly skipped.
Assembly Unity.Mathematics.Tests.dll at Library/ScriptAssemblies/Unity.Mathematics.Tests.dll not valid. Loading of assembly skipped.
Assembly Unity.Multiplayer.Center.Editor.Tests.dll at Library/ScriptAssemblies/Unity.Multiplayer.Center.Editor.Tests.dll not valid. Loading of assembly skipped.
Assembly Unity.Multiplayer.Center.Tests.dll at Library/ScriptAssemblies/Unity.Multiplayer.Center.Tests.dll not valid. Loading of assembly skipped.
Assembly Unity.Nuget.Mono-Cecil.dll at Library/ScriptAssemblies/Unity.Nuget.Mono-Cecil.dll not valid. Loading of assembly skipped.
Assembly Unity.PathTracing.Editor.Tests.dll at Library/ScriptAssemblies/Unity.PathTracing.Editor.Tests.dll not valid. Loading of assembly skipped.
Assembly Unity.PathTracing.Runtime.Tests.dll at Library/ScriptAssemblies/Unity.PathTracing.Runtime.Tests.dll not valid. Loading of assembly skipped.
Assembly Unity.Postprocessing.Editor.Tests.dll at Library/ScriptAssemblies/Unity.Postprocessing.Editor.Tests.dll not valid. Loading of assembly skipped.
Assembly Unity.Postprocessing.Runtime.Tests.dll at Library/ScriptAssemblies/Unity.Postprocessing.Runtime.Tests.dll not valid. Loading of assembly skipped.
Assembly Unity.RenderPipelines.Core.Editor.Tests.dll at Library/ScriptAssemblies/Unity.RenderPipelines.Core.Editor.Tests.dll not valid. Loading of assembly skipped.
Assembly Unity.RenderPipelines.Core.Runtime.Tests.dll at Library/ScriptAssemblies/Unity.RenderPipelines.Core.Runtime.Tests.dll not valid. Loading of assembly skipped.
Assembly Unity.RenderPipelines.Universal.Config.Editor.Tests.dll at Library/ScriptAssemblies/Unity.RenderPipelines.Universal.Config.Editor.Tests.dll not valid. Loading of assembly skipped.
Assembly Unity.RenderPipelines.Universal.Editor.Tests.dll at Library/ScriptAssemblies/Unity.RenderPipelines.Universal.Editor.Tests.dll not valid. Loading of assembly skipped.
Assembly Unity.RenderPipelines.Universal.Runtime.Tests.dll at Library/ScriptAssemblies/Unity.RenderPipelines.Universal.Runtime.Tests.dll not valid. Loading of assembly skipped.
Assembly Unity.Searcher.EditorTests.dll at Library/ScriptAssemblies/Unity.Searcher.EditorTests.dll not valid. Loading of assembly skipped.
Assembly Unity.ShaderGraph.Editor.Tests.dll at Library/ScriptAssemblies/Unity.ShaderGraph.Editor.Tests.dll not valid. Loading of assembly skipped.
Assembly Unity.TextMeshPro.Editor.Tests.dll at Library/ScriptAssemblies/Unity.TextMeshPro.Editor.Tests.dll not valid. Loading of assembly skipped.
Assembly Unity.TextMeshPro.Tests.dll at Library/ScriptAssemblies/Unity.TextMeshPro.Tests.dll not valid. Loading of assembly skipped.
Assembly Unity.UnifiedRayTracing.Editor.Tests.dll at Library/ScriptAssemblies/Unity.UnifiedRayTracing.Editor.Tests.dll not valid. Loading of assembly skipped.
Assembly UnityEditor.UI.Common.Tests.dll at Library/ScriptAssemblies/UnityEditor.UI.Common.Tests.dll not valid. Loading of assembly skipped.
Assembly UnityEditor.UI.EditorTests.dll at Library/ScriptAssemblies/UnityEditor.UI.EditorTests.dll not valid. Loading of assembly skipped.
Assembly UnityEngine.UI.Tests.dll at Library/ScriptAssemblies/UnityEngine.UI.Tests.dll not valid. Loading of assembly skipped.
Native extension for WindowsStandalone target not found
Native extension for WebGL target not found
[Package Manager] Failed to launch server process. Reason: Unity was launched with the -noUpm command-line argument
[Package Manager] Unable to send message (not connected to server process).
[Package Manager] Cannot connect to Unity Package Manager local server
[Package Manager] Failed to launch server process. Reason: Unity was launched with the -noUpm command-line argument
[Package Manager] Unable to send message (not connected to server process).
[Package Manager] Cannot connect to Unity Package Manager local server
ScheduleIndexationOnStartup MainProcess:False IndexOnStartup:True
Mono: successfully reloaded assembly
- Finished resetting the current domain, in  0.768 seconds
Domain Reload Profiling: 1667ms
	BeginReloadAssembly (226ms)
		DisableScriptedObjects (5ms)
		CreateAndSetChildDomain (26ms)
	RebuildCommonClasses (39ms)
	RebuildNativeTypeToScriptingClass (10ms)
	initialDomainReloadingComplete (81ms)
	LoadAllAssembliesAndSetupDomain (543ms)
		LoadAssemblies (406ms)
		AnalyzeDomain (241ms)
			TypeCache.Refresh (169ms)
				TypeCache.ScanAssembly (155ms)
			BuildScriptInfoCaches (59ms)
			ResolveRequiredComponents (10ms)
	FinalizeReload (769ms)
		SetupLoadedEditorAssemblies (0ms)
			BeforeProcessingInitializeOnLoad (153ms)
			ProcessInitializeOnLoadAttributes (322ms)
			ProcessInitializeOnLoadMethodAttributes (76ms)
			AfterProcessingInitializeOnLoad (12ms)
		AwakeInstancesAfterBackupRestoration (9ms)
Launched and connected shader compiler UnityShaderCompiler.exe after 0.01 seconds
Unloading 36 Unused Serialized files (Serialized files now loaded: 0)
Unloading 6400 unused Assets / (8.1 MB). Loaded Objects now: 7250.
Memory consumption went from 159.1 MB to 151.0 MB.
Total: 8.245200 ms (FindLiveObjects: 0.628800 ms CreateObjectMapping: 0.459600 ms MarkObjects: 4.526200 ms  DeleteObjects: 2.628400 ms)

========================================================================
Received Import Request.
  Time since last request: 4574.560264 seconds.
  path: Assets/Palmov Island/Low Poly Atmospheric Locations Pack/Prefabs/Trees/Dry trees
  importAddress: Guid(34473c4112e1f2649b0a5f84928d1bea) Importer(815301076,1909f56bfc062723c751e8b465ee728b)
Start importing Assets/Palmov Island/Low Poly Atmospheric Locations Pack/Prefabs/Trees/Dry trees using Guid(34473c4112e1f2649b0a5f84928d1bea) Importer(815301076,1909f56bfc062723c751e8b465ee728b) (PreviewImporter) -> (Import Result ID: '7894096eb87ac9c74a7e673514d60d6a') in 0.0056386 seconds [static and dynamic dependencies]. Details - ImportResultOutputID=47770f2ca6fce5ca1da352582623d8d8 DependenciesID=3ea1b3d98650bf209b8ec25c2d7844d4 StaticDependenciesID=2c7333b01281e37cfb4aadbeeda05380 
Number of updated asset objects reloaded before import = 0Number of asset objects unloaded after import = 0

========================================================================
Received Import Request.
  Time since last request: 0.000021 seconds.
  path: Assets/Palmov Island/Low Poly Atmospheric Locations Pack/Prefabs/Trees/Dry trees/dry tree.prefab
  importAddress: Guid(3a4e8ac43566338479fa1676a1468d26) Importer(815301076,1909f56bfc062723c751e8b465ee728b)
Start importing Assets/Palmov Island/Low Poly Atmospheric Locations Pack/Prefabs/Trees/Dry trees/dry tree.prefab using Guid(3a4e8ac43566338479fa1676a1468d26) Importer(815301076,1909f56bfc062723c751e8b465ee728b) (PreviewImporter) -> (Import Result ID: '8b7b6a3b90ce6417ffd282088c5fcc79') in 0.4554973 seconds [static and dynamic dependencies]. Details - ImportResultOutputID=136b3e96d04ebc0f3e93f0c4b483a888 DependenciesID=7d789f4d48445f2263ea935a9f74a3ce StaticDependenciesID=271898ad7c58aead3ea0f5bc7e2d3cdc 
Number of updated asset objects reloaded before import = 0Number of asset objects unloaded after import = 9

========================================================================
Received Import Request.
  Time since last request: 3.694095 seconds.
  path: Assets/Palmov Island/Low Poly Atmospheric Locations Pack/Prefabs/Trees/Tree trunks
  importAddress: Guid(573614d3818034e44beee1e1936fc1b0) Importer(815301076,1909f56bfc062723c751e8b465ee728b)
Start importing Assets/Palmov Island/Low Poly Atmospheric Locations Pack/Prefabs/Trees/Tree trunks using Guid(573614d3818034e44beee1e1936fc1b0) Importer(815301076,1909f56bfc062723c751e8b465ee728b) (PreviewImporter) -> (Import Result ID: '324bc66c4138ed578bb394e9a8cee409') in 0.0005445 seconds [static and dynamic dependencies]. Details - ImportResultOutputID=2e826e70a47302ec184465491338c8a1 DependenciesID=b71a4fc37a540a51ccb2cd2b1146b7df StaticDependenciesID=15acff70238b184e34e7408f229d5949 
Number of updated asset objects reloaded before import = 0Number of asset objects unloaded after import = 0

========================================================================
Received Import Request.
  Time since last request: 0.037986 seconds.
  path: Assets/Palmov Island/Low Poly Atmospheric Locations Pack/Prefabs/Trees/Tree trunks/tree trunk.prefab
  importAddress: Guid(3e485de8c926c8e40b046b351ef92c44) Importer(815301076,1909f56bfc062723c751e8b465ee728b)
Start importing Assets/Palmov Island/Low Poly Atmospheric Locations Pack/Prefabs/Trees/Tree trunks/tree trunk.prefab using Guid(3e485de8c926c8e40b046b351ef92c44) Importer(815301076,1909f56bfc062723c751e8b465ee728b) (PreviewImporter) -> (Import Result ID: '2eb1bb0d4a1121f7eb1fcff5089b0947') in 0.0215623 seconds [static and dynamic dependencies]. Details - ImportResultOutputID=6be5fc42ff12b22e4a8780d1c812c097 DependenciesID=9464f284ec17ff82d6075f531cf9a626 StaticDependenciesID=048cf5b859dae25dcb2951c3ee2e9570 
Number of updated asset objects reloaded before import = 0Number of asset objects unloaded after import = 9

========================================================================
Received Import Request.
  Time since last request: 5.338593 seconds.
  path: Assets/Palmov Island/Low Poly Atmospheric Locations Pack/Prefabs/Trees/Fir trees winter
  importAddress: Guid(8070193e51a8ab447b50fd8e3a692f1c) Importer(815301076,1909f56bfc062723c751e8b465ee728b)
Start importing Assets/Palmov Island/Low Poly Atmospheric Locations Pack/Prefabs/Trees/Fir trees winter using Guid(8070193e51a8ab447b50fd8e3a692f1c) Importer(815301076,1909f56bfc062723c751e8b465ee728b) (PreviewImporter) -> (Import Result ID: '50919d6e837fa3ddc217d82e683d3ae4') in 0.000646 seconds [static and dynamic dependencies]. Details - ImportResultOutputID=a36b35b3ac8fc1f4a9d1c250a88cb8c3 DependenciesID=f14f56ea4fb71b0761f84e7045f688a2 StaticDependenciesID=dd1080736c2b00bf3316c7f98ffa383c 
Number of updated asset objects reloaded before import = 0Number of asset objects unloaded after import = 0

========================================================================
Received Import Request.
  Time since last request: 0.023280 seconds.
  path: Assets/Palmov Island/Low Poly Atmospheric Locations Pack/Prefabs/Trees/Fir trees winter/fir tree winter bent.prefab
  importAddress: Guid(05bacf5de38dd374a9eb1a0207ee424f) Importer(815301076,1909f56bfc062723c751e8b465ee728b)
Start importing Assets/Palmov Island/Low Poly Atmospheric Locations Pack/Prefabs/Trees/Fir trees winter/fir tree winter bent.prefab using Guid(05bacf5de38dd374a9eb1a0207ee424f) Importer(815301076,1909f56bfc062723c751e8b465ee728b) (PreviewImporter) -> (Import Result ID: '1c3ee12e70bbf654c34c3a3e9b4c25eb') in 0.0192371 seconds [static and dynamic dependencies]. Details - ImportResultOutputID=898eeaf99a668e51b02071477d7e52c5 DependenciesID=a6553e60e7cf3673401a95b1e48d12b8 StaticDependenciesID=61baa478fc3e5863abb1f80acbb6db98 
Number of updated asset objects reloaded before import = 0Number of asset objects unloaded after import = 9

========================================================================
Received Import Request.
  Time since last request: 0.000020 seconds.
  path: Assets/Palmov Island/Low Poly Atmospheric Locations Pack/Prefabs/Trees/Fir trees winter/fir tree winter small.prefab
  importAddress: Guid(496ef76a50672664587b5a1305197cc2) Importer(815301076,1909f56bfc062723c751e8b465ee728b)
Start importing Assets/Palmov Island/Low Poly Atmospheric Locations Pack/Prefabs/Trees/Fir trees winter/fir tree winter small.prefab using Guid(496ef76a50672664587b5a1305197cc2) Importer(815301076,1909f56bfc062723c751e8b465ee728b) (PreviewImporter) -> (Import Result ID: '1b8fa53191233e969e10f05d688d4b10') in 0.0191806 seconds [static and dynamic dependencies]. Details - ImportResultOutputID=290687c451b455bfe550834ab8b16b1e DependenciesID=3e79408dc4618615ca73e295953094ac StaticDependenciesID=8ddbd847b6b9cb8206a3cd039bd6ae7d 
Number of updated asset objects reloaded before import = 0Number of asset objects unloaded after import = 9

========================================================================
Received Import Request.
  Time since last request: 0.000029 seconds.
  path: Assets/Palmov Island/Low Poly Atmospheric Locations Pack/Prefabs/Trees/Fir trees winter/fir tree winter medium.prefab
  importAddress: Guid(cc47579fdfca6564ba3993fde50cef1c) Importer(815301076,1909f56bfc062723c751e8b465ee728b)
Start importing Assets/Palmov Island/Low Poly Atmospheric Locations Pack/Prefabs/Trees/Fir trees winter/fir tree winter medium.prefab using Guid(cc47579fdfca6564ba3993fde50cef1c) Importer(815301076,1909f56bfc062723c751e8b465ee728b) (PreviewImporter) -> (Import Result ID: '5218216849713992eff72890deb088fc') in 0.0205204 seconds [static and dynamic dependencies]. Details - ImportResultOutputID=3265603331a81d61b66473a1129135d5 DependenciesID=5e61ecb75d31ba68af1034d16583557c StaticDependenciesID=d9999f91b6ad0ee2723fbefb66510691 
Number of updated asset objects reloaded before import = 0Number of asset objects unloaded after import = 9

========================================================================
Received Import Request.
  Time since last request: 10.982851 seconds.
  path: Assets/Palmov Island/Low Poly Atmospheric Locations Pack/Prefabs/Stones/Stones large gray blue
  importAddress: Guid(2337df2eb3487de469cec0479726ac12) Importer(815301076,1909f56bfc062723c751e8b465ee728b)
Start importing Assets/Palmov Island/Low Poly Atmospheric Locations Pack/Prefabs/Stones/Stones large gray blue using Guid(2337df2eb3487de469cec0479726ac12) Importer(815301076,1909f56bfc062723c751e8b465ee728b) (PreviewImporter) -> (Import Result ID: 'dacb4316309e306a18f4f8fd5ccf588c') in 0.0005941 seconds [static and dynamic dependencies]. Details - ImportResultOutputID=a7b58be4d0132a0506523f92aa9c4c33 DependenciesID=30d2fa1f316344e676570bd07ca54619 StaticDependenciesID=425134516f874c4ec2194dd1170604fe 
Number of updated asset objects reloaded before import = 0Number of asset objects unloaded after import = 0

========================================================================
Received Import Request.
  Time since last request: 0.027766 seconds.
  path: Assets/Palmov Island/Low Poly Atmospheric Locations Pack/Prefabs/Stones/Stones large gray blue/stone large gray blue.prefab
  importAddress: Guid(41d5bdcd81b15d04b9f71f993b91c796) Importer(815301076,1909f56bfc062723c751e8b465ee728b)
Start importing Assets/Palmov Island/Low Poly Atmospheric Locations Pack/Prefabs/Stones/Stones large gray blue/stone large gray blue.prefab using Guid(41d5bdcd81b15d04b9f71f993b91c796) Importer(815301076,1909f56bfc062723c751e8b465ee728b) (PreviewImporter) -> (Import Result ID: '72804331bbb08709dea35bb411103959') in 0.0187111 seconds [static and dynamic dependencies]. Details - ImportResultOutputID=78fd9d16afe55eb5525250104eef4497 DependenciesID=5f69d6aa6d616b692a8a5e679833d260 StaticDependenciesID=ed2bda62b12f28c75ec445dc9e8dbfc2 
Number of updated asset objects reloaded before import = 0Number of asset objects unloaded after import = 9

========================================================================
Received Import Request.
  Time since last request: 0.000026 seconds.
  path: Assets/Palmov Island/Low Poly Atmospheric Locations Pack/Prefabs/Stones/Stones large gray blue/stone large gray blue 4.prefab
  importAddress: Guid(affe613d84fcf2249b76c35e2bc1ce22) Importer(815301076,1909f56bfc062723c751e8b465ee728b)
Start importing Assets/Palmov Island/Low Poly Atmospheric Locations Pack/Prefabs/Stones/Stones large gray blue/stone large gray blue 4.prefab using Guid(affe613d84fcf2249b76c35e2bc1ce22) Importer(815301076,1909f56bfc062723c751e8b465ee728b) (PreviewImporter) -> (Import Result ID: '256fe9965580d9b15e4d6568fe6984bd') in 0.021269 seconds [static and dynamic dependencies]. Details - ImportResultOutputID=c01f29a97a69cad1efe17243f41df936 DependenciesID=f0e33dc987c6adda764198974ae5c6af StaticDependenciesID=3582ac3fdeca74f75203c84ff26bf174 
Number of updated asset objects reloaded before import = 0Number of asset objects unloaded after import = 9

========================================================================
Received Import Request.
  Time since last request: 0.000030 seconds.
  path: Assets/Palmov Island/Low Poly Atmospheric Locations Pack/Prefabs/Stones/Stones large gray blue/stone large gray blue 6.prefab
  importAddress: Guid(26531aec1040e9a4eb6a4b0189204b9f) Importer(815301076,1909f56bfc062723c751e8b465ee728b)
Start importing Assets/Palmov Island/Low Poly Atmospheric Locations Pack/Prefabs/Stones/Stones large gray blue/stone large gray blue 6.prefab using Guid(26531aec1040e9a4eb6a4b0189204b9f) Importer(815301076,1909f56bfc062723c751e8b465ee728b) (PreviewImporter) -> (Import Result ID: '4df897ccac9b3ffdbbe237e692d6e99c') in 0.0219908 seconds [static and dynamic dependencies]. Details - ImportResultOutputID=8a6c129dd7b3027a1b931facb6e7c85f DependenciesID=e19d9b47ba25e1429e7a5bcaeeafca40 StaticDependenciesID=cbde338e4666d8ac5077716df2c9d582 
Number of updated asset objects reloaded before import = 0Number of asset objects unloaded after import = 9

========================================================================
Received Import Request.
  Time since last request: 12.751015 seconds.
  path: Assets/Palmov Island/Low Poly Atmospheric Locations Pack/Prefabs/Stones/Stones large
  importAddress: Guid(588ae10aad20045429bfcd59e747e369) Importer(815301076,1909f56bfc062723c751e8b465ee728b)
Start importing Assets/Palmov Island/Low Poly Atmospheric Locations Pack/Prefabs/Stones/Stones large using Guid(588ae10aad20045429bfcd59e747e369) Importer(815301076,1909f56bfc062723c751e8b465ee728b) (PreviewImporter) -> (Import Result ID: 'bc0d6eef5f15a8ab5e91569241434024') in 0.0006411 seconds [static and dynamic dependencies]. Details - ImportResultOutputID=e5c264dc63fc0eadd1d5bd8a0e8f9649 DependenciesID=40b78899d726dbf002f1621beab5b507 StaticDependenciesID=7379181c9676f568f59981ac59a9335d 
Number of updated asset objects reloaded before import = 0Number of asset objects unloaded after import = 0

========================================================================
Received Import Request.
  Time since last request: 0.013679 seconds.
  path: Assets/Palmov Island/Low Poly Atmospheric Locations Pack/Prefabs/Stones/Stones large/stone large.prefab
  importAddress: Guid(44ba10797d980b44e847015bcaaffecd) Importer(815301076,1909f56bfc062723c751e8b465ee728b)
Start importing Assets/Palmov Island/Low Poly Atmospheric Locations Pack/Prefabs/Stones/Stones large/stone large.prefab using Guid(44ba10797d980b44e847015bcaaffecd) Importer(815301076,1909f56bfc062723c751e8b465ee728b) (PreviewImporter) -> (Import Result ID: '0908fc3ec7da64008e76201fc2e3ed8d') in 0.0234716 seconds [static and dynamic dependencies]. Details - ImportResultOutputID=d56caf7964580a75da686c220bd08286 DependenciesID=2014ccb4cfe37f7886f9414c850d7d88 StaticDependenciesID=a08f42c7795e90eb002176b73c31bc38 
Number of updated asset objects reloaded before import = 0Number of asset objects unloaded after import = 9

========================================================================
Received Import Request.
  Time since last request: 10.514910 seconds.
  path: Assets/Palmov Island/Low Poly Atmospheric Locations Pack/Prefabs/Stones/Desert stones
  importAddress: Guid(24b8a7ba2755a2746965658fe57a137d) Importer(815301076,1909f56bfc062723c751e8b465ee728b)
Start importing Assets/Palmov Island/Low Poly Atmospheric Locations Pack/Prefabs/Stones/Desert stones using Guid(24b8a7ba2755a2746965658fe57a137d) Importer(815301076,1909f56bfc062723c751e8b465ee728b) (PreviewImporter) -> (Import Result ID: 'e27b828415cc1b04322dde1d2b322e59') in 0.0006666 seconds [static and dynamic dependencies]. Details - ImportResultOutputID=c31a509ae2fded79c8bfd9ceb116d9c3 DependenciesID=a7c84d24218fc9e1d2f19e40d4597e93 StaticDependenciesID=8e2d56f5349607837a64709801fd4f92 
Number of updated asset objects reloaded before import = 0Number of asset objects unloaded after import = 0

========================================================================
Received Import Request.
  Time since last request: 0.006438 seconds.
  path: Assets/Palmov Island/Low Poly Atmospheric Locations Pack/Prefabs/Stones/Desert stones/desert stone small.prefab
  importAddress: Guid(73e2edc392198a940bcda6f6a14f07ee) Importer(815301076,1909f56bfc062723c751e8b465ee728b)
Start importing Assets/Palmov Island/Low Poly Atmospheric Locations Pack/Prefabs/Stones/Desert stones/desert stone small.prefab using Guid(73e2edc392198a940bcda6f6a14f07ee) Importer(815301076,1909f56bfc062723c751e8b465ee728b) (PreviewImporter) -> (Import Result ID: 'c14d20935bd4b78a8fb4dca3b21639fe') in 0.0184181 seconds [static and dynamic dependencies]. Details - ImportResultOutputID=984470b75c98db5afb1236e2d2029351 DependenciesID=db9102b0df5438afe33ca2bc6cc42db3 StaticDependenciesID=16b40f5557c0df825f14890371d1bb37 
Number of updated asset objects reloaded before import = 0Number of asset objects unloaded after import = 9

========================================================================
Received Import Request.
  Time since last request: 0.000020 seconds.
  path: Assets/Palmov Island/Low Poly Atmospheric Locations Pack/Prefabs/Stones/Desert stones/desert stone small 4.prefab
  importAddress: Guid(1c53a67a9ade2be42925b70d69d085bf) Importer(815301076,1909f56bfc062723c751e8b465ee728b)
Start importing Assets/Palmov Island/Low Poly Atmospheric Locations Pack/Prefabs/Stones/Desert stones/desert stone small 4.prefab using Guid(1c53a67a9ade2be42925b70d69d085bf) Importer(815301076,1909f56bfc062723c751e8b465ee728b) (PreviewImporter) -> (Import Result ID: '5d1af429ae11aae2106f229089c30e23') in 0.0237637 seconds [static and dynamic dependencies]. Details - ImportResultOutputID=5e3b9c42cfed784e36b829f1e612faf9 DependenciesID=3948fcc658c15d629985c8eb9284d4c7 StaticDependenciesID=e51e7ce2d991510c118c8a49314bbe33 
Number of updated asset objects reloaded before import = 0Number of asset objects unloaded after import = 9

========================================================================
Received Import Request.
  Time since last request: 0.000022 seconds.
  path: Assets/Palmov Island/Low Poly Atmospheric Locations Pack/Prefabs/Stones/Desert stones/desert stone small 9.prefab
  importAddress: Guid(0a22f50bca6ffbb47a0a192c685cfc7e) Importer(815301076,1909f56bfc062723c751e8b465ee728b)
Start importing Assets/Palmov Island/Low Poly Atmospheric Locations Pack/Prefabs/Stones/Desert stones/desert stone small 9.prefab using Guid(0a22f50bca6ffbb47a0a192c685cfc7e) Importer(815301076,1909f56bfc062723c751e8b465ee728b) (PreviewImporter) -> (Import Result ID: '0f94735babc197a0240a59aa770ab6e7') in 0.0233863 seconds [static and dynamic dependencies]. Details - ImportResultOutputID=e9dc81ff8342a5874ad6e72e6b68a4f8 DependenciesID=5ef026841a6228a820103907766c6659 StaticDependenciesID=01ed092eaddfcd21ad696c469670b57c 
Number of updated asset objects reloaded before import = 0Number of asset objects unloaded after import = 9

========================================================================
Received Import Request.
  Time since last request: 0.000023 seconds.
  path: Assets/Palmov Island/Low Poly Atmospheric Locations Pack/Prefabs/Stones/Desert stones/desert stone small 11.prefab
  importAddress: Guid(9482eb6425690c345bca1cfa09406394) Importer(815301076,1909f56bfc062723c751e8b465ee728b)
Start importing Assets/Palmov Island/Low Poly Atmospheric Locations Pack/Prefabs/Stones/Desert stones/desert stone small 11.prefab using Guid(9482eb6425690c345bca1cfa09406394) Importer(815301076,1909f56bfc062723c751e8b465ee728b) (PreviewImporter) -> (Import Result ID: 'f5156526bef958e9c5483f40896c6107') in 0.0228008 seconds [static and dynamic dependencies]. Details - ImportResultOutputID=d50d3bf96f944f30bea67b1bc85a3e50 DependenciesID=93ac4f0deabe6b05d18b9be38ae4e26c StaticDependenciesID=f82fccef3604eaf928da6f1228252949 
Number of updated asset objects reloaded before import = 0Number of asset objects unloaded after import = 9

========================================================================
Received Import Request.
  Time since last request: 13.839973 seconds.
  path: Assets/Palmov Island/Low Poly Atmospheric Locations Pack/Prefabs/Waters
  importAddress: Guid(0c3f7fafde0a10540bb08ec91fb83392) Importer(815301076,1909f56bfc062723c751e8b465ee728b)
Start importing Assets/Palmov Island/Low Poly Atmospheric Locations Pack/Prefabs/Waters using Guid(0c3f7fafde0a10540bb08ec91fb83392) Importer(815301076,1909f56bfc062723c751e8b465ee728b) (PreviewImporter) -> (Import Result ID: '272c0988e113960a60b686dfe9997795') in 0.0007404 seconds [static and dynamic dependencies]. Details - ImportResultOutputID=41c0bcfc0f90bf72a480f2176a38163a DependenciesID=63b98cc28551716a4cd9d533fe431183 StaticDependenciesID=b89f6ddaa830628a518bc5d09e2cf469 
Number of updated asset objects reloaded before import = 0Number of asset objects unloaded after import = 0

========================================================================
Received Import Request.
  Time since last request: 0.012143 seconds.
  path: Assets/Palmov Island/Low Poly Atmospheric Locations Pack/Prefabs/Waters/water location autumn atmosphere forest.prefab
  importAddress: Guid(d05d5c68af6efab46832adecd5bd0a01) Importer(815301076,1909f56bfc062723c751e8b465ee728b)
Start importing Assets/Palmov Island/Low Poly Atmospheric Locations Pack/Prefabs/Waters/water location autumn atmosphere forest.prefab using Guid(d05d5c68af6efab46832adecd5bd0a01) Importer(815301076,1909f56bfc062723c751e8b465ee728b) (PreviewImporter) -> (Import Result ID: '0b6000df2107a33128a254fe1d7366d3') in 0.0187208 seconds [static and dynamic dependencies]. Details - ImportResultOutputID=21feaa7c91b00344a3008a88a8d140cc DependenciesID=979d5f725d1fadf9b124b632c630b0cf StaticDependenciesID=99e1f11ba1ace729df90e42c78e829e0 
Number of updated asset objects reloaded before import = 0Number of asset objects unloaded after import = 9

========================================================================
Received Import Request.
  Time since last request: 0.000022 seconds.
  path: Assets/Palmov Island/Low Poly Atmospheric Locations Pack/Prefabs/Waters/water location treasure Island.prefab
  importAddress: Guid(960b269cf951bfb4baaa37255368b49f) Importer(815301076,1909f56bfc062723c751e8b465ee728b)
Start importing Assets/Palmov Island/Low Poly Atmospheric Locations Pack/Prefabs/Waters/water location treasure Island.prefab using Guid(960b269cf951bfb4baaa37255368b49f) Importer(815301076,1909f56bfc062723c751e8b465ee728b) (PreviewImporter) -> (Import Result ID: 'a60bb13ef54e44fda786fd2d796d72b0') in 0.0219653 seconds [static and dynamic dependencies]. Details - ImportResultOutputID=611fe1c17a4a252e34a0a25fa6639b5c DependenciesID=1e99fe2beaacc14325bfef3c7e875dac StaticDependenciesID=a1378dd21b44325b7a4b4343e6a24f04 
Number of updated asset objects reloaded before import = 0Number of asset objects unloaded after import = 9

========================================================================
Received Import Request.
  Time since last request: 18.160800 seconds.
  path: Assets/Palmov Island/Low Poly Atmospheric Locations Pack/Prefabs/Houses/Buildings
  importAddress: Guid(0feef7d9284098841ad7157b42611ca1) Importer(815301076,1909f56bfc062723c751e8b465ee728b)
Start importing Assets/Palmov Island/Low Poly Atmospheric Locations Pack/Prefabs/Houses/Buildings using Guid(0feef7d9284098841ad7157b42611ca1) Importer(815301076,1909f56bfc062723c751e8b465ee728b) (PreviewImporter) -> (Import Result ID: '9415f6a07f0ed6491e2787189dc091cc') in 0.0006607 seconds [static and dynamic dependencies]. Details - ImportResultOutputID=d006105c8bdf41cb20f56e1f0216d728 DependenciesID=0fe2785114b9a6ab29f37b104a23e5a8 StaticDependenciesID=06f9ab02c8448a067c3f08467227e648 
Number of updated asset objects reloaded before import = 0Number of asset objects unloaded after import = 0

========================================================================
Received Import Request.
  Time since last request: 0.015742 seconds.
  path: Assets/Palmov Island/Low Poly Atmospheric Locations Pack/Prefabs/Houses/Buildings/building.prefab
  importAddress: Guid(b9faa0dad419dcb45b26b2026a46d25c) Importer(815301076,1909f56bfc062723c751e8b465ee728b)
Start importing Assets/Palmov Island/Low Poly Atmospheric Locations Pack/Prefabs/Houses/Buildings/building.prefab using Guid(b9faa0dad419dcb45b26b2026a46d25c) Importer(815301076,1909f56bfc062723c751e8b465ee728b) (PreviewImporter) -> (Import Result ID: 'b032f644d2b8f9f1a5f998acc4d64a29') in 0.0323646 seconds [static and dynamic dependencies]. Details - ImportResultOutputID=f334c9be574aef316d2553056b2fd1a9 DependenciesID=8db9e5f3b38f5e3479282e91b8f1d826 StaticDependenciesID=1f12284c5f7082552bf2bb8cc7771408 
Number of updated asset objects reloaded before import = 0Number of asset objects unloaded after import = 8

========================================================================
Received Import Request.
  Time since last request: 15.674893 seconds.
  path: Assets/Palmov Island/Low Poly Atmospheric Locations Pack/Prefabs/Houses/Wooden winter houses
  importAddress: Guid(6059d96f0bc78fe469ba08e56c3eb28c) Importer(815301076,1909f56bfc062723c751e8b465ee728b)
Start importing Assets/Palmov Island/Low Poly Atmospheric Locations Pack/Prefabs/Houses/Wooden winter houses using Guid(6059d96f0bc78fe469ba08e56c3eb28c) Importer(815301076,1909f56bfc062723c751e8b465ee728b) (PreviewImporter) -> (Import Result ID: '7e7801bc3b723e77d5ec7093bc0b0e21') in 0.0010799 seconds [static and dynamic dependencies]. Details - ImportResultOutputID=46257dce1d9c00a48fec97e0f8237ed8 DependenciesID=79b3df9a5060428518ea333a3f508323 StaticDependenciesID=8c112a069e585a2b5cbe549490d9fb25 
Number of updated asset objects reloaded before import = 0Number of asset objects unloaded after import = 0

========================================================================
Received Import Request.
  Time since last request: 0.000019 seconds.
  path: Assets/Palmov Island/Low Poly Atmospheric Locations Pack/Prefabs/Houses/Wooden winter houses/wooden winter house.prefab
  importAddress: Guid(28c5feb91521acb438135d1ac793ee23) Importer(815301076,1909f56bfc062723c751e8b465ee728b)
Start importing Assets/Palmov Island/Low Poly Atmospheric Locations Pack/Prefabs/Houses/Wooden winter houses/wooden winter house.prefab using Guid(28c5feb91521acb438135d1ac793ee23) Importer(815301076,1909f56bfc062723c751e8b465ee728b) (PreviewImporter) -> (Import Result ID: '951ea3c0ca0ae1b723e788b1feb3aa11') in 0.0212356 seconds [static and dynamic dependencies]. Details - ImportResultOutputID=952402f75e279c161fad77dd312ed035 DependenciesID=d63f8cf69a05e8533e564b35cd61ba99 StaticDependenciesID=be207d5a0fc4b86fb8beb0f43ad74e8e 
Number of updated asset objects reloaded before import = 0Number of asset objects unloaded after import = 9

Editor requested this worker to shutdown with reason: Scaling down because of idle timeout
AssetImportWorker is now disconnected from the server
Process exiting
Exiting without the bug reporter. Application will terminate with return code 0